error: Missing #[SparseField(_field_type_)]
 --> tests/fail/missing_sparse_field_attr.rs:2:1
  |
2 | enum UsersRequest {
  | ^^^^
