error: Did you mean '='?
 --> tests/fail/not_equals_sign.rs:3:26
  |
3 |     #[contextual_get(url : "/users", params = &UserListParams, output = Vec<SparseUser>)]
  |                          ^
