error: Expecting key value pairs (url = "", params = FooParam, output = FooOutput)
 --> tests/fail/output_not_ident.rs:5:64
  |
5 |     #[contextual_get(url = "/users", params = &UserListParams, "output" = Vec<SparseUser>)]
  |                                                                ^^^^^^^^
