error: Expecting key value pairs (url = "", params = FooParam, output = FooOutput, filter_by = FooSparseField)
 --> tests/fail/params_not_ident.rs:5:38
  |
5 |     #[contextual_get(url = "/users", "params" = &UserListParams, output = Vec<SparseUser>)]
  |                                      ^^^^^^^^
