error: WPContextual didn't generate anything. Did you forget to use #[WPContext] attribute?
 --> tests/error_empty_result.rs:4:12
  |
4 | pub struct SparseFoo {}
  |            ^^^^^^^^^
