error: #[WpContextualOption] doesn't have any contexts. Did you forget to add #[WpContext] attribute?
 --> tests/error_wp_contextual_option_without_wp_context.rs:5:5
  |
5 |     #[WpContextualOption]
  |     ^
